###############################################################################
#
# IAR ELF Linker V8.32.3.193/W32 for ARM                  25/Jul/2022  11:44:03
# Copyright 2007-2019 IAR Systems AB.
#
#    Output file  =  
#        D:\极速越野\【比赛】\7.24 v1.2
#        路径调节，删了参数\jisuyueye\iar\program\Debug\Exe\MM32F3277.out
#    Map file     =  
#        D:\极速越野\【比赛】\7.24 v1.2
#        路径调节，删了参数\jisuyueye\iar\program\Debug\List\MM32F3277.map
#    Command line =  
#        -f C:\Users\lenovo\AppData\Local\Temp\EWDC93.tmp
#        ("D:\极速越野\【比赛】\7.24 v1.2
#        路径调节，删了参数\jisuyueye\iar\program\Debug\Obj\button.o"
#        "D:\极速越野\【比赛】\7.24 v1.2
#        路径调节，删了参数\jisuyueye\iar\program\Debug\Obj\diskio.o"
#        "D:\极速越野\【比赛】\7.24 v1.2
#        路径调节，删了参数\jisuyueye\iar\program\Debug\Obj\encoder.o"
#        "D:\极速越野\【比赛】\7.24 v1.2
#        路径调节，删了参数\jisuyueye\iar\program\Debug\Obj\ff.o"
#        "D:\极速越野\【比赛】\7.24 v1.2
#        路径调节，删了参数\jisuyueye\iar\program\Debug\Obj\ffsystem.o"
#        "D:\极速越野\【比赛】\7.24 v1.2
#        路径调节，删了参数\jisuyueye\iar\program\Debug\Obj\ffunicode.o"
#        "D:\极速越野\【比赛】\7.24 v1.2
#        路径调节，删了参数\jisuyueye\iar\program\Debug\Obj\flash.o"
#        "D:\极速越野\【比赛】\7.24 v1.2
#        路径调节，删了参数\jisuyueye\iar\program\Debug\Obj\gps.o"
#        "D:\极速越野\【比赛】\7.24 v1.2
#        路径调节，删了参数\jisuyueye\iar\program\Debug\Obj\hal_adc.o"
#        "D:\极速越野\【比赛】\7.24 v1.2
#        路径调节，删了参数\jisuyueye\iar\program\Debug\Obj\hal_comp.o"
#        "D:\极速越野\【比赛】\7.24 v1.2
#        路径调节，删了参数\jisuyueye\iar\program\Debug\Obj\hal_dac.o"
#        "D:\极速越野\【比赛】\7.24 v1.2
#        路径调节，删了参数\jisuyueye\iar\program\Debug\Obj\hal_dma.o"
#        "D:\极速越野\【比赛】\7.24 v1.2
#        路径调节，删了参数\jisuyueye\iar\program\Debug\Obj\hal_exti.o"
#        "D:\极速越野\【比赛】\7.24 v1.2
#        路径调节，删了参数\jisuyueye\iar\program\Debug\Obj\hal_fsmc.o"
#        "D:\极速越野\【比赛】\7.24 v1.2
#        路径调节，删了参数\jisuyueye\iar\program\Debug\Obj\hal_gpio.o"
#        "D:\极速越野\【比赛】\7.24 v1.2
#        路径调节，删了参数\jisuyueye\iar\program\Debug\Obj\hal_i2c.o"
#        "D:\极速越野\【比赛】\7.24 v1.2
#        路径调节，删了参数\jisuyueye\iar\program\Debug\Obj\hal_iwdg.o"
#        "D:\极速越野\【比赛】\7.24 v1.2
#        路径调节，删了参数\jisuyueye\iar\program\Debug\Obj\hal_rcc.o"
#        "D:\极速越野\【比赛】\7.24 v1.2
#        路径调节，删了参数\jisuyueye\iar\program\Debug\Obj\hal_rtc.o"
#        "D:\极速越野\【比赛】\7.24 v1.2
#        路径调节，删了参数\jisuyueye\iar\program\Debug\Obj\hal_sdio.o"
#        "D:\极速越野\【比赛】\7.24 v1.2
#        路径调节，删了参数\jisuyueye\iar\program\Debug\Obj\hal_spi.o"
#        "D:\极速越野\【比赛】\7.24 v1.2
#        路径调节，删了参数\jisuyueye\iar\program\Debug\Obj\hal_syscfg.o"
#        "D:\极速越野\【比赛】\7.24 v1.2
#        路径调节，删了参数\jisuyueye\iar\program\Debug\Obj\hal_tim_16b.o"
#        "D:\极速越野\【比赛】\7.24 v1.2
#        路径调节，删了参数\jisuyueye\iar\program\Debug\Obj\hal_tim_32b.o"
#        "D:\极速越野\【比赛】\7.24 v1.2
#        路径调节，删了参数\jisuyueye\iar\program\Debug\Obj\hal_tim_adv.o"
#        "D:\极速越野\【比赛】\7.24 v1.2
#        路径调节，删了参数\jisuyueye\iar\program\Debug\Obj\hal_tim_basic.o"
#        "D:\极速越野\【比赛】\7.24 v1.2
#        路径调节，删了参数\jisuyueye\iar\program\Debug\Obj\hal_uart.o"
#        "D:\极速越野\【比赛】\7.24 v1.2
#        路径调节，删了参数\jisuyueye\iar\program\Debug\Obj\hal_usb.o"
#        "D:\极速越野\【比赛】\7.24 v1.2
#        路径调节，删了参数\jisuyueye\iar\program\Debug\Obj\hal_wwdg.o"
#        "D:\极速越野\【比赛】\7.24 v1.2
#        路径调节，删了参数\jisuyueye\iar\program\Debug\Obj\isr.o"
#        "D:\极速越野\【比赛】\7.24 v1.2
#        路径调节，删了参数\jisuyueye\iar\program\Debug\Obj\led.o"
#        "D:\极速越野\【比赛】\7.24 v1.2
#        路径调节，删了参数\jisuyueye\iar\program\Debug\Obj\main.o"
#        "D:\极速越野\【比赛】\7.24 v1.2
#        路径调节，删了参数\jisuyueye\iar\program\Debug\Obj\motor.o"
#        "D:\极速越野\【比赛】\7.24 v1.2
#        路径调节，删了参数\jisuyueye\iar\program\Debug\Obj\parameter.o"
#        "D:\极速越野\【比赛】\7.24 v1.2
#        路径调节，删了参数\jisuyueye\iar\program\Debug\Obj\route_generating.o"
#        "D:\极速越野\【比赛】\7.24 v1.2
#        路径调节，删了参数\jisuyueye\iar\program\Debug\Obj\sd_write.o"
#        "D:\极速越野\【比赛】\7.24 v1.2
#        路径调节，删了参数\jisuyueye\iar\program\Debug\Obj\show_page.o"
#        "D:\极速越野\【比赛】\7.24 v1.2
#        路径调节，删了参数\jisuyueye\iar\program\Debug\Obj\startup_mm32f3277g.o"
#        "D:\极速越野\【比赛】\7.24 v1.2
#        路径调节，删了参数\jisuyueye\iar\program\Debug\Obj\system_mm32f3277g.o"
#        "D:\极速越野\【比赛】\7.24 v1.2
#        路径调节，删了参数\jisuyueye\iar\program\Debug\Obj\Vofa.o"
#        "D:\极速越野\【比赛】\7.24 v1.2
#        路径调节，删了参数\jisuyueye\iar\program\Debug\Obj\zf_common_clock.o"
#        "D:\极速越野\【比赛】\7.24 v1.2
#        路径调节，删了参数\jisuyueye\iar\program\Debug\Obj\zf_common_debug.o"
#        "D:\极速越野\【比赛】\7.24 v1.2
#        路径调节，删了参数\jisuyueye\iar\program\Debug\Obj\zf_common_fifo.o"
#        "D:\极速越野\【比赛】\7.24 v1.2
#        路径调节，删了参数\jisuyueye\iar\program\Debug\Obj\zf_common_font.o"
#        "D:\极速越野\【比赛】\7.24 v1.2
#        路径调节，删了参数\jisuyueye\iar\program\Debug\Obj\zf_common_function.o"
#        "D:\极速越野\【比赛】\7.24 v1.2
#        路径调节，删了参数\jisuyueye\iar\program\Debug\Obj\zf_common_interrupt.o"
#        "D:\极速越野\【比赛】\7.24 v1.2
#        路径调节，删了参数\jisuyueye\iar\program\Debug\Obj\zf_device_absolute_encoder.o"
#        "D:\极速越野\【比赛】\7.24 v1.2
#        路径调节，删了参数\jisuyueye\iar\program\Debug\Obj\zf_device_bluetooth_ch9141.o"
#        "D:\极速越野\【比赛】\7.24 v1.2
#        路径调节，删了参数\jisuyueye\iar\program\Debug\Obj\zf_device_camera.o"
#        "D:\极速越野\【比赛】\7.24 v1.2
#        路径调节，删了参数\jisuyueye\iar\program\Debug\Obj\zf_device_gps_tau1201.o"
#        "D:\极速越野\【比赛】\7.24 v1.2
#        路径调节，删了参数\jisuyueye\iar\program\Debug\Obj\zf_device_icm20602.o"
#        "D:\极速越野\【比赛】\7.24 v1.2
#        路径调节，删了参数\jisuyueye\iar\program\Debug\Obj\zf_device_ips114.o"
#        "D:\极速越野\【比赛】\7.24 v1.2
#        路径调节，删了参数\jisuyueye\iar\program\Debug\Obj\zf_device_ips200.o"
#        "D:\极速越野\【比赛】\7.24 v1.2
#        路径调节，删了参数\jisuyueye\iar\program\Debug\Obj\zf_device_key.o"
#        "D:\极速越野\【比赛】\7.24 v1.2
#        路径调节，删了参数\jisuyueye\iar\program\Debug\Obj\zf_device_mpu6050.o"
#        "D:\极速越野\【比赛】\7.24 v1.2
#        路径调节，删了参数\jisuyueye\iar\program\Debug\Obj\zf_device_mt9v03x.o"
#        "D:\极速越野\【比赛】\7.24 v1.2
#        路径调节，删了参数\jisuyueye\iar\program\Debug\Obj\zf_device_oled.o"
#        "D:\极速越野\【比赛】\7.24 v1.2
#        路径调节，删了参数\jisuyueye\iar\program\Debug\Obj\zf_device_ov7725.o"
#        "D:\极速越野\【比赛】\7.24 v1.2
#        路径调节，删了参数\jisuyueye\iar\program\Debug\Obj\zf_device_scc8660.o"
#        "D:\极速越野\【比赛】\7.24 v1.2
#        路径调节，删了参数\jisuyueye\iar\program\Debug\Obj\zf_device_sdcard.o"
#        "D:\极速越野\【比赛】\7.24 v1.2
#        路径调节，删了参数\jisuyueye\iar\program\Debug\Obj\zf_device_tft180.o"
#        "D:\极速越野\【比赛】\7.24 v1.2
#        路径调节，删了参数\jisuyueye\iar\program\Debug\Obj\zf_device_tsl1401.o"
#        "D:\极速越野\【比赛】\7.24 v1.2
#        路径调节，删了参数\jisuyueye\iar\program\Debug\Obj\zf_device_type.o"
#        "D:\极速越野\【比赛】\7.24 v1.2
#        路径调节，删了参数\jisuyueye\iar\program\Debug\Obj\zf_device_virtual_oscilloscope.o"
#        "D:\极速越野\【比赛】\7.24 v1.2
#        路径调节，删了参数\jisuyueye\iar\program\Debug\Obj\zf_device_wireless_uart.o"
#        "D:\极速越野\【比赛】\7.24 v1.2
#        路径调节，删了参数\jisuyueye\iar\program\Debug\Obj\zf_driver_adc.o"
#        "D:\极速越野\【比赛】\7.24 v1.2
#        路径调节，删了参数\jisuyueye\iar\program\Debug\Obj\zf_driver_dac.o"
#        "D:\极速越野\【比赛】\7.24 v1.2
#        路径调节，删了参数\jisuyueye\iar\program\Debug\Obj\zf_driver_delay.o"
#        "D:\极速越野\【比赛】\7.24 v1.2
#        路径调节，删了参数\jisuyueye\iar\program\Debug\Obj\zf_driver_dma.o"
#        "D:\极速越野\【比赛】\7.24 v1.2
#        路径调节，删了参数\jisuyueye\iar\program\Debug\Obj\zf_driver_encoder.o"
#        "D:\极速越野\【比赛】\7.24 v1.2
#        路径调节，删了参数\jisuyueye\iar\program\Debug\Obj\zf_driver_exti.o"
#        "D:\极速越野\【比赛】\7.24 v1.2
#        路径调节，删了参数\jisuyueye\iar\program\Debug\Obj\zf_driver_flash.o"
#        "D:\极速越野\【比赛】\7.24 v1.2
#        路径调节，删了参数\jisuyueye\iar\program\Debug\Obj\zf_driver_fsmc.o"
#        "D:\极速越野\【比赛】\7.24 v1.2
#        路径调节，删了参数\jisuyueye\iar\program\Debug\Obj\zf_driver_gpio.o"
#        "D:\极速越野\【比赛】\7.24 v1.2
#        路径调节，删了参数\jisuyueye\iar\program\Debug\Obj\zf_driver_iic.o"
#        "D:\极速越野\【比赛】\7.24 v1.2
#        路径调节，删了参数\jisuyueye\iar\program\Debug\Obj\zf_driver_pit.o"
#        "D:\极速越野\【比赛】\7.24 v1.2
#        路径调节，删了参数\jisuyueye\iar\program\Debug\Obj\zf_driver_pwm.o"
#        "D:\极速越野\【比赛】\7.24 v1.2
#        路径调节，删了参数\jisuyueye\iar\program\Debug\Obj\zf_driver_sdio.o"
#        "D:\极速越野\【比赛】\7.24 v1.2
#        路径调节，删了参数\jisuyueye\iar\program\Debug\Obj\zf_driver_soft_iic.o"
#        "D:\极速越野\【比赛】\7.24 v1.2
#        路径调节，删了参数\jisuyueye\iar\program\Debug\Obj\zf_driver_soft_spi.o"
#        "D:\极速越野\【比赛】\7.24 v1.2
#        路径调节，删了参数\jisuyueye\iar\program\Debug\Obj\zf_driver_spi.o"
#        "D:\极速越野\【比赛】\7.24 v1.2
#        路径调节，删了参数\jisuyueye\iar\program\Debug\Obj\zf_driver_timer.o"
#        "D:\极速越野\【比赛】\7.24 v1.2
#        路径调节，删了参数\jisuyueye\iar\program\Debug\Obj\zf_driver_uart.o"
#        --no_out_extension -o "D:\极速越野\【比赛】\7.24 v1.2
#        路径调节，删了参数\jisuyueye\iar\program\Debug\Exe\MM32F3277.out"
#        --map "D:\极速越野\【比赛】\7.24 v1.2
#        路径调节，删了参数\jisuyueye\iar\program\Debug\List\MM32F3277.map"
#        --config "D:\极速越野\【比赛】\7.24 v1.2
#        路径调节，删了参数\jisuyueye\iar\program\MM32F3270.icf"
#        --semihosting --entry __iar_program_start --vfe --text_out locale)
#
###############################################################################

*******************************************************************************
*** RUNTIME MODEL ATTRIBUTES
***

CppFlavor       = *
__SystemLibrary = DLib
__dlib_version  = 6


*******************************************************************************
*** HEAP SELECTION
***

The basic heap was selected because no calls to memory allocation
functions were found in the application outside of system library
functions, and there are calls to deallocation functions in the
application.


*******************************************************************************
*** PLACEMENT SUMMARY
***

"A0":  place at 0x800'0000 { ro section .intvec };
"P1":  place in [from 0x800'0000 to 0x807'ffff] { ro };
define block CSTACK with size = 8K, alignment = 8 { };
define block HEAP with size = 2K, alignment = 8 { };
"P2":  place in [from 0x2000'0000 to 0x2001'ffff] {
          rw, block CSTACK, block HEAP };
initialize by copy { rw };

  Section            Kind         Address    Size  Object
  -------            ----         -------    ----  ------
"A0":                                       0x190
  .intvec            ro code   0x800'0000   0x190  startup_mm32f3277g.o [1]
                             - 0x800'0190   0x190

"P1":                                      0xba3c
  .text              ro code   0x800'0190  0x1c74  route_generating.o [1]
  .text              ro code   0x800'1e04     0x6  ABImemclr4.o [4]
  .text              ro code   0x800'1e0a    0x7a  lz77_init_single.o [4]
  .text              ro code   0x800'1e84    0xa6  ABImemcpy.o [4]
  .text              ro code   0x800'1f2a    0x3a  zero_init3.o [4]
  .text              ro code   0x800'1f64   0xb70  gps.o [1]
  .text              ro code   0x800'2ad4   0x17a  DblAdd.o [3]
  .text              ro code   0x800'2c4e     0xa  xsprout.o [2]
  .text              ro code   0x800'2c58   0x246  DblDiv.o [3]
  .text              ro code   0x800'2e9e     0x2  startup_mm32f3277g.o [1]
  .text              ro code   0x800'2ea0    0x48  FltToDbl.o [3]
  .text              ro code   0x800'2ee8   0x1a2  DblMul.o [3]
  .text              ro code   0x800'308c    0x3a  DblToS32.o [3]
  .text              ro code   0x800'30c8    0x22  S32ToDbl.o [3]
  .text              ro code   0x800'30ec    0xe2  DblSub.o [3]
  .text              ro code   0x800'31d0    0x2e  DblCmpLe.o [3]
  .text              ro code   0x800'3200    0x2e  DblCmpGe.o [3]
  .text              ro code   0x800'3230    0x68  DblToFlt.o [3]
  .text              ro code   0x800'3298    0x1a  U32ToDbl.o [3]
  .text              ro code   0x800'32b4    0x20  DblCmpEq.o [3]
  .text              ro code   0x800'32d4   0x844  zf_device_tft180.o [1]
  .text              ro code   0x800'3b18   0x320  zf_driver_gpio.o [1]
  .text              ro code   0x800'3e38   0xa48  flash.o [1]
  .text              ro code   0x800'4880    0x32  ABImemset48.o [4]
  .text              ro code   0x800'48b2    0x30  strstr.o [2]
  .text              ro code   0x800'48e4   0x420  cos_sin64.o [3]
  .text              ro code   0x800'4d04    0xf2  sqrt.o [3]
  .text              ro code   0x800'4df8   0x10a  atan2_64.o [3]
  .text              ro code   0x800'4f04   0x1a8  fmod.o [3]
  .text              ro code   0x800'50ac   0x54c  zf_driver_spi.o [1]
  .text              ro code   0x800'55f8   0x30c  zf_common_debug.o [1]
  .text              ro code   0x800'5904    0x54  zf_driver_delay.o [1]
  .text              ro code   0x800'5958    0xd8  FltMul.o [3]
  .text              ro code   0x800'5a30    0x2a  FltToS32.o [3]
  .text              ro code   0x800'5a5c   0x1f0  zf_driver_flash.o [1]
  .text              ro code   0x800'5c4c    0x24  S32ToFlt.o [3]
  .text              ro code   0x800'5c70    0xe2  FltAdd.o [3]
  .text              ro code   0x800'5d54    0x16  strchr.o [4]
  .text              ro code   0x800'5d6c   0x210  iar_Atan64.o [3]
  .text              ro code   0x800'5f7c   0x314  zf_driver_uart.o [1]
  .text              ro code   0x800'6290    0x36  strlen.o [4]
  .text              ro code   0x800'62c8    0x40  sprintf.o [2]
  .text              ro code   0x800'6308    0x66  ABImemset.o [4]
  .text              ro code   0x800'6370   0x112  zf_common_interrupt.o [1]
  .text              ro code   0x800'6484    0x80  FltSub.o [3]
  .text              ro code   0x800'6504   0xc16  xprintflarge_nomb.o [2]
  .text              ro code   0x800'711c    0x40  xfail_s.o [2]
  .text              ro code   0x800'715c    0x58  memchr.o [4]
  .text              ro code   0x800'71b4   0x230  I64DivMod.o [4]
  .text              ro code   0x800'73e4    0x70  frexp.o [3]
  .text              ro code   0x800'7454    0x28  DblToU32.o [3]
  .text              ro code   0x800'747c     0x8  xlocale_c.o [2]
  .text              ro code   0x800'7484     0x6  abort.o [2]
  .text              ro code   0x800'748c     0x2  I64DivZer.o [4]
  .text              ro code   0x800'7490    0x14  exit.o [5]
  .text              ro code   0x800'74a4   0xc60  isr.o [1]
  .text              ro code   0x800'8104   0x20c  zf_device_icm20602.o [1]
  .text              ro code   0x800'8310    0xfc  FltDiv.o [3]
  .text              ro code   0x800'840c    0x24  FltCmpLe.o [3]
  .text              ro code   0x800'8430   0x16c  encoder.o [1]
  .text              ro code   0x800'859c   0x2d8  motor.o [1]
  .text              ro code   0x800'8874   0x2b8  zf_driver_pwm.o [1]
  .text              ro code   0x800'8b2c    0x18  strcpy.o [4]
  .text              ro code   0x800'8b44    0xbc  zf_device_tsl1401.o [1]
  .text              ro code   0x800'8c00   0x1b8  zf_device_type.o [1]
  .text              ro code   0x800'8db8   0x31c  zf_driver_encoder.o [1]
  .text              ro code   0x800'90d4    0x22  FltToU32.o [3]
  .text              ro code   0x800'90f8    0x1c  U32ToFlt.o [3]
  .text              ro code   0x800'9114    0xd0  zf_driver_timer.o [1]
  .text              ro code   0x800'91e4    0x8c  zf_driver_adc.o [1]
  .text              ro code   0x800'9270    0xb8  zf_driver_dma.o [1]
  .text              ro code   0x800'9328    0x4c  zf_device_wireless_uart.o [1]
  .text              ro code   0x800'9374    0x20  zf_device_bluetooth_ch9141.o [1]
  .text              ro code   0x800'9394    0xb0  zf_common_fifo.o [1]
  .text              ro code   0x800'9444   0xb14  show_page.o [1]
  .text              ro code   0x800'9f58   0x448  button.o [1]
  .rodata            const     0x800'a3a0   0x5f0  zf_common_font.o [1]
  .text              ro code   0x800'a990   0x3bc  Vofa.o [1]
  .text              ro code   0x800'ad4c   0x228  zf_common_clock.o [1]
  .text              ro code   0x800'af74    0x14  zf_common_function.o [1]
  .text              ro code   0x800'af88   0x1cc  zf_device_gps_tau1201.o [1]
  .text              ro code   0x800'b154   0x140  main.o [1]
  .text              ro code   0x800'b294   0x118  zf_driver_pit.o [1]
  .text              ro code   0x800'b3ac    0x24  FltCmpGe.o [3]
  .rodata            const     0x800'b3d0    0x90  zf_driver_encoder.o [1]
  .rodata            const     0x800'b460    0x8c  zf_driver_pit.o [1]
  .rodata            const     0x800'b4ec    0x54  zf_device_icm20602.o [1]
  .rodata            const     0x800'b540    0x54  zf_device_tft180.o [1]
  .rodata            const     0x800'b594    0x50  zf_driver_pwm.o [1]
  .rodata            const     0x800'b5e4    0x1c  zf_device_gps_tau1201.o [1]
  .rodata            const     0x800'b600    0x40  iar_Atan64.o [3]
  .text              ro code   0x800'b640    0x28  data_init.o [4]
  .iar.init_table    const     0x800'b668    0x20  - Linker created -
  .rodata            const     0x800'b688    0x20  zf_common_debug.o [1]
  .text              ro code   0x800'b6a8    0x1e  cmain.o [4]
  .text              ro code   0x800'b6c6     0x4  low_level_init.o [2]
  .text              ro code   0x800'b6ca     0x4  exit.o [2]
  .text              ro code   0x800'b6d0     0xa  cexit.o [4]
  .rodata            const     0x800'b6dc    0x10  zf_common_debug.o [1]
  .rodata            const     0x800'b6ec    0x10  zf_common_debug.o [1]
  .text              ro code   0x800'b6fc    0x10  startup_mm32f3277g.o [1]
  .text              ro code   0x800'b70c    0x10  system_mm32f3277g.o [1]
  .rodata            const     0x800'b71c     0xc  route_generating.o [1]
  .rodata            const     0x800'b728     0xc  route_generating.o [1]
  .rodata            const     0x800'b734     0xc  show_page.o [1]
  .rodata            const     0x800'b740     0xc  show_page.o [1]
  .rodata            const     0x800'b74c     0xc  show_page.o [1]
  .rodata            const     0x800'b758     0xc  show_page.o [1]
  .rodata            const     0x800'b764     0xc  show_page.o [1]
  .rodata            const     0x800'b770     0xc  show_page.o [1]
  .rodata            const     0x800'b77c     0xc  show_page.o [1]
  .rodata            const     0x800'b788     0xc  show_page.o [1]
  .rodata            const     0x800'b794     0xc  show_page.o [1]
  .rodata            const     0x800'b7a0     0xc  show_page.o [1]
  .rodata            const     0x800'b7ac     0xc  show_page.o [1]
  .rodata            const     0x800'b7b8     0xc  show_page.o [1]
  .rodata            const     0x800'b7c4     0xc  show_page.o [1]
  .rodata            const     0x800'b7d0     0xc  show_page.o [1]
  .rodata            const     0x800'b7dc     0xc  show_page.o [1]
  .rodata            const     0x800'b7e8     0xc  show_page.o [1]
  .rodata            const     0x800'b7f4     0xc  show_page.o [1]
  .rodata            const     0x800'b800     0xc  show_page.o [1]
  .rodata            const     0x800'b80c     0xc  show_page.o [1]
  .rodata            const     0x800'b818     0xc  show_page.o [1]
  .rodata            const     0x800'b824     0xc  show_page.o [1]
  .rodata            const     0x800'b830     0xc  show_page.o [1]
  .rodata            const     0x800'b83c     0xc  show_page.o [1]
  .rodata            const     0x800'b848     0xc  show_page.o [1]
  .rodata            const     0x800'b854     0xc  zf_common_debug.o [1]
  .rodata            const     0x800'b860     0xc  zf_common_debug.o [1]
  .rodata            const     0x800'b86c     0xc  zf_device_gps_tau1201.o [1]
  .rodata            const     0x800'b878     0xc  zf_device_gps_tau1201.o [1]
  .rodata            const     0x800'b884     0xc  zf_device_gps_tau1201.o [1]
  .rodata            const     0x800'b890     0xc  zf_device_gps_tau1201.o [1]
  .rodata            const     0x800'b89c     0xc  zf_device_gps_tau1201.o [1]
  .rodata            const     0x800'b8a8     0xc  zf_device_gps_tau1201.o [1]
  .rodata            const     0x800'b8b4     0xc  zf_device_gps_tau1201.o [1]
  .rodata            const     0x800'b8c0     0xc  zf_device_gps_tau1201.o [1]
  .rodata            const     0x800'b8cc     0xc  zf_device_gps_tau1201.o [1]
  .rodata            const     0x800'b8d8     0xc  zf_device_gps_tau1201.o [1]
  .rodata            const     0x800'b8e4     0xc  zf_device_gps_tau1201.o [1]
  .text              ro code   0x800'b8f0     0xc  cstartup_M.o [4]
  .rodata            const     0x800'b8fc     0x8  show_page.o [1]
  .rodata            const     0x800'b904     0x8  show_page.o [1]
  .rodata            const     0x800'b90c     0x8  show_page.o [1]
  .rodata            const     0x800'b914     0x8  show_page.o [1]
  .rodata            const     0x800'b91c     0x8  show_page.o [1]
  .rodata            const     0x800'b924     0x8  show_page.o [1]
  .rodata            const     0x800'b92c     0x8  show_page.o [1]
  .rodata            const     0x800'b934     0x8  show_page.o [1]
  .rodata            const     0x800'b93c     0x8  show_page.o [1]
  .rodata            const     0x800'b944     0x8  show_page.o [1]
  .rodata            const     0x800'b94c     0x8  show_page.o [1]
  .rodata            const     0x800'b954     0x8  show_page.o [1]
  .rodata            const     0x800'b95c     0x8  show_page.o [1]
  .rodata            const     0x800'b964     0x8  show_page.o [1]
  .rodata            const     0x800'b96c     0x8  zf_driver_pit.o [1]
  .rodata            const     0x800'b974     0x4  show_page.o [1]
  .rodata            const     0x800'b978     0x4  show_page.o [1]
  .rodata            const     0x800'b97c     0x4  show_page.o [1]
  .rodata            const     0x800'b980     0x4  show_page.o [1]
  .rodata            const     0x800'b984     0x4  show_page.o [1]
  .rodata            const     0x800'b988     0x4  show_page.o [1]
  .rodata            const     0x800'b98c     0x4  xlocale_c.o [2]
  .rodata            const     0x800'b990     0x0  zero_init3.o [4]
  .rodata            const     0x800'b990     0x0  lz77_init_single.o [4]
  Initializer bytes  const     0x800'b990   0x23c  <for P2-1>
                             - 0x800'bbcc  0xba3c

"P2", part 1 of 3:                          0x4b7
  P2-1                        0x2000'0000   0x4b7  <Init block>
    .data            inited   0x2000'0000    0x38  show_page.o [1]
    .data            inited   0x2000'0038   0x120  flash.o [1]
    .data            inited   0x2000'0158     0xc  gps.o [1]
    .data            inited   0x2000'0164     0x4  gps.o [1]
    .data            inited   0x2000'0168     0x4  gps.o [1]
    .data            inited   0x2000'016c     0x4  gps.o [1]
    .data            inited   0x2000'0170     0x4  gps.o [1]
    .data            inited   0x2000'0174     0x4  gps.o [1]
    .data            inited   0x2000'0178     0x4  gps.o [1]
    .data            inited   0x2000'017c     0x4  main.o [1]
    .data            inited   0x2000'0180     0x4  parameter.o [1]
    .data            inited   0x2000'0184     0x4  parameter.o [1]
    .data            inited   0x2000'0188     0x4  parameter.o [1]
    .data            inited   0x2000'018c     0x4  parameter.o [1]
    .data            inited   0x2000'0190    0x10  parameter.o [1]
    .data            inited   0x2000'01a0     0x4  parameter.o [1]
    .data            inited   0x2000'01a4     0x4  show_page.o [1]
    .data            inited   0x2000'01a8    0x10  show_page.o [1]
    .data            inited   0x2000'01b8    0x1c  show_page.o [1]
    .data            inited   0x2000'01d4    0x48  show_page.o [1]
    .data            inited   0x2000'021c    0x48  show_page.o [1]
    .data            inited   0x2000'0264    0x3c  show_page.o [1]
    .data            inited   0x2000'02a0    0x48  show_page.o [1]
    .data            inited   0x2000'02e8    0x48  show_page.o [1]
    .data            inited   0x2000'0330    0x30  show_page.o [1]
    .data            inited   0x2000'0360    0x48  show_page.o [1]
    .data            inited   0x2000'03a8    0x48  show_page.o [1]
    .data            inited   0x2000'03f0     0x4  zf_common_clock.o [1]
    .data            inited   0x2000'03f4     0xc  zf_driver_adc.o [1]
    .data            inited   0x2000'0400     0x8  zf_driver_dma.o [1]
    .data            inited   0x2000'0408     0x8  zf_driver_encoder.o [1]
    .data            inited   0x2000'0410    0x20  zf_driver_gpio.o [1]
    .data            inited   0x2000'0430     0xc  zf_driver_spi.o [1]
    .data            inited   0x2000'043c    0x20  zf_driver_uart.o [1]
    .data            inited   0x2000'045c     0x8  zf_driver_uart.o [1]
    .data            inited   0x2000'0464    0x38  xlocale_c.o [2]
    .data            inited   0x2000'049c     0x2  gps.o [1]
    .data            inited   0x2000'049e     0x2  gps.o [1]
    .data            inited   0x2000'04a0     0x2  main.o [1]
    .data            inited   0x2000'04a2     0x2  main.o [1]
    .data            inited   0x2000'04a4     0x2  parameter.o [1]
    .data            inited   0x2000'04a6     0x2  parameter.o [1]
    .data            inited   0x2000'04a8     0x2  parameter.o [1]
    .data            inited   0x2000'04aa     0x2  parameter.o [1]
    .data            inited   0x2000'04ac     0x2  parameter.o [1]
    .data            inited   0x2000'04ae     0x2  zf_device_tft180.o [1]
    .data            inited   0x2000'04b0     0x2  zf_device_tft180.o [1]
    .data            inited   0x2000'04b2     0x1  encoder.o [1]
    .data            inited   0x2000'04b3     0x1  zf_common_debug.o [1]
    .data            inited   0x2000'04b4     0x1  zf_device_tft180.o [1]
    .data            inited   0x2000'04b5     0x1  zf_device_tft180.o [1]
    .data            inited   0x2000'04b6     0x1  zf_device_tft180.o [1]
                            - 0x2000'04b7   0x4b7

"P2", part 2 of 3:                         0x44a8
  .bss               zero     0x2000'04b8  0x1820  gps.o [1]
  .bss               zero     0x2000'1cd8  0x17c0  gps.o [1]
  .bss               zero     0x2000'3498   0xe10  route_generating.o [1]
  .bss               zero     0x2000'42a8   0x200  zf_device_tsl1401.o [1]
  .bss               zero     0x2000'44a8   0x100  isr.o [1]
  .bss               zero     0x2000'45a8    0xf8  gps.o [1]
  .bss               zero     0x2000'46a0    0x60  route_generating.o [1]
  .bss               zero     0x2000'4700    0x58  gps.o [1]
  .bss               zero     0x2000'4758    0x40  gps.o [1]
  .bss               zero     0x2000'4798    0x40  gps.o [1]
  .bss               zero     0x2000'47d8    0x20  parameter.o [1]
  .bss               zero     0x2000'47f8    0x1c  parameter.o [1]
  .bss               zero     0x2000'4814    0x14  isr.o [1]
  .bss               zero     0x2000'4828    0x14  isr.o [1]
  .bss               zero     0x2000'483c    0x14  zf_common_debug.o [1]
  .bss               zero     0x2000'4850    0x14  zf_device_bluetooth_ch9141.o [1]
  .bss               zero     0x2000'4864    0x14  zf_device_wireless_uart.o [1]
  .bss               zero     0x2000'4878    0x10  main.o [1]
  .bss               zero     0x2000'4888     0x8  isr.o [1]
  .bss               zero     0x2000'4890     0x8  zf_driver_timer.o [1]
  .bss               zero     0x2000'4898     0x4  gps.o [1]
  .bss               zero     0x2000'489c     0x4  gps.o [1]
  .bss               zero     0x2000'48a0     0x4  gps.o [1]
  .bss               zero     0x2000'48a4     0x4  gps.o [1]
  .bss               zero     0x2000'48a8     0x4  gps.o [1]
  .bss               zero     0x2000'48ac     0x4  gps.o [1]
  .bss               zero     0x2000'48b0     0x4  gps.o [1]
  .bss               zero     0x2000'48b4     0x4  gps.o [1]
  .bss               zero     0x2000'48b8     0x4  gps.o [1]
  .bss               zero     0x2000'48bc     0x4  isr.o [1]
  .bss               zero     0x2000'48c0     0x4  isr.o [1]
  .bss               zero     0x2000'48c4     0x4  isr.o [1]
  .bss               zero     0x2000'48c8     0x4  isr.o [1]
  .bss               zero     0x2000'48cc     0x4  isr.o [1]
  .bss               zero     0x2000'48d0     0x4  isr.o [1]
  .bss               zero     0x2000'48d4     0x4  main.o [1]
  .bss               zero     0x2000'48d8     0x4  motor.o [1]
  .bss               zero     0x2000'48dc     0x4  parameter.o [1]
  .bss               zero     0x2000'48e0     0x4  parameter.o [1]
  .bss               zero     0x2000'48e4     0x4  parameter.o [1]
  .bss               zero     0x2000'48e8     0x4  parameter.o [1]
  .bss               zero     0x2000'48ec     0x4  parameter.o [1]
  .bss               zero     0x2000'48f0     0x4  parameter.o [1]
  .bss               zero     0x2000'48f4     0x4  parameter.o [1]
  .bss               zero     0x2000'48f8     0x4  show_page.o [1]
  .bss               zero     0x2000'48fc     0x4  show_page.o [1]
  .bss               zero     0x2000'4900     0x4  show_page.o [1]
  .bss               zero     0x2000'4904     0x4  show_page.o [1]
  .bss               zero     0x2000'4908     0x4  show_page.o [1]
  .bss               zero     0x2000'490c     0x4  Vofa.o [1]
  .bss               zero     0x2000'4910     0x4  zf_common_interrupt.o [1]
  .bss               zero     0x2000'4914     0x4  zf_device_type.o [1]
  .bss               zero     0x2000'4918     0x4  zf_driver_adc.o [1]
  .bss               zero     0x2000'491c     0x4  xfail_s.o [2]
  .bss               zero     0x2000'4920     0x2  gps.o [1]
  .bss               zero     0x2000'4922     0x2  gps.o [1]
  .bss               zero     0x2000'4924     0x2  gps.o [1]
  .bss               zero     0x2000'4926     0x2  gps.o [1]
  .bss               zero     0x2000'4928     0x2  gps.o [1]
  .bss               zero     0x2000'492a     0x2  gps.o [1]
  .bss               zero     0x2000'492c     0x2  gps.o [1]
  .bss               zero     0x2000'492e     0x2  gps.o [1]
  .bss               zero     0x2000'4930     0x2  gps.o [1]
  .bss               zero     0x2000'4932     0x2  isr.o [1]
  .bss               zero     0x2000'4934     0x2  main.o [1]
  .bss               zero     0x2000'4936     0x2  parameter.o [1]
  .bss               zero     0x2000'4938     0x2  parameter.o [1]
  .bss               zero     0x2000'493a     0x2  show_page.o [1]
  .bss               zero     0x2000'493c     0x2  show_page.o [1]
  .bss               zero     0x2000'493e     0x2  zf_device_icm20602.o [1]
  .bss               zero     0x2000'4940     0x2  zf_device_icm20602.o [1]
  .bss               zero     0x2000'4942     0x2  zf_device_icm20602.o [1]
  .bss               zero     0x2000'4944     0x1  button.o [1]
  .bss               zero     0x2000'4945     0x1  gps.o [1]
  .bss               zero     0x2000'4946     0x1  gps.o [1]
  .bss               zero     0x2000'4947     0x1  gps.o [1]
  .bss               zero     0x2000'4948     0x1  isr.o [1]
  .bss               zero     0x2000'4949     0x1  isr.o [1]
  .bss               zero     0x2000'494a     0x1  isr.o [1]
  .bss               zero     0x2000'494b     0x1  isr.o [1]
  .bss               zero     0x2000'494c     0x1  isr.o [1]
  .bss               zero     0x2000'494d     0x1  main.o [1]
  .bss               zero     0x2000'494e     0x1  main.o [1]
  .bss               zero     0x2000'494f     0x1  main.o [1]
  .bss               zero     0x2000'4950     0x1  route_generating.o [1]
  .bss               zero     0x2000'4951     0x1  show_page.o [1]
  .bss               zero     0x2000'4952     0x1  zf_common_debug.o [1]
  .bss               zero     0x2000'4953     0x1  zf_common_debug.o [1]
  .bss               zero     0x2000'4954     0x1  zf_device_bluetooth_ch9141.o [1]
  .bss               zero     0x2000'4955     0x1  zf_device_mt9v03x.o [1]
  .bss               zero     0x2000'4956     0x1  zf_device_ov7725.o [1]
  .bss               zero     0x2000'4957     0x1  zf_device_scc8660.o [1]
  .bss               zero     0x2000'4958     0x1  zf_device_tsl1401.o [1]
  .bss               zero     0x2000'4959     0x1  zf_device_tsl1401.o [1]
  .bss               zero     0x2000'495a     0x1  zf_device_type.o [1]
  .bss               zero     0x2000'495b     0x1  zf_device_type.o [1]
  .bss               zero     0x2000'495c     0x1  zf_device_type.o [1]
  .bss               zero     0x2000'495d     0x1  zf_device_type.o [1]
  .bss               zero     0x2000'495e     0x1  zf_device_wireless_uart.o [1]
                            - 0x2000'495f  0x44a7

"P2", part 3 of 3:                         0x2000
  CSTACK                      0x2000'4960  0x2000  <Block>
    CSTACK           uninit   0x2000'4960  0x2000  <Block tail>
                            - 0x2000'6960  0x2000

Unused ranges:

         From           To      Size
         ----           --      ----
   0x800'bbcc   0x807'ffff  0x7'4434
  0x2000'04b7  0x2000'04b7       0x1
  0x2000'6960  0x2001'ffff  0x1'96a0


*******************************************************************************
*** INIT TABLE
***

          Address      Size
          -------      ----
Zero (__iar_zero_init3)
    1 destination range, total size 0x44a7:
          0x2000'04b8  0x44a7

Copy/lz77 (__iar_lz77_init_single3)
    1 source range, total size 0x23c (47% of destination):
           0x800'b990   0x23c
    1 destination range, total size 0x4b7:
          0x2000'0000   0x4b7



*******************************************************************************
*** MODULE SUMMARY
***

    Module                        ro code  ro data  rw data
    ------                        -------  -------  -------
command line/config:
    -------------------------------------------------------
    Total:

D:\极速越野\【比赛】\7.24  v1.2 路径调节，删了参数\jisuyueye\iar\program\Debug\Obj: [1]
    Vofa.o                            956                 4
    button.o                        1 096                 1
    encoder.o                         364        1        1
    flash.o                         2 632      137      288
    gps.o                           2 928       19   12 817
    isr.o                           3 168               335
    main.o                            320        2       33
    motor.o                           728                 4
    parameter.o                                 23      138
    route_generating.o              7 284       24    3 697
    show_page.o                     2 836      728      669
    startup_mm32f3277g.o              418
    system_mm32f3277g.o                16
    zf_common_clock.o                 552        2        4
    zf_common_debug.o                 780       88       23
    zf_common_fifo.o                  176
    zf_common_font.o                         1 520
    zf_common_function.o               20
    zf_common_interrupt.o             274                 4
    zf_device_bluetooth_ch9141.o       32                21
    zf_device_gps_tau1201.o           460      160
    zf_device_icm20602.o              524       84        6
    zf_device_mt9v03x.o                                   1
    zf_device_ov7725.o                                    1
    zf_device_scc8660.o                                   1
    zf_device_tft180.o              2 116       88        7
    zf_device_tsl1401.o               188               514
    zf_device_type.o                  440                 8
    zf_device_wireless_uart.o          76                21
    zf_driver_adc.o                   140        6       16
    zf_driver_delay.o                  84
    zf_driver_dma.o                   184        4        8
    zf_driver_encoder.o               796      147        8
    zf_driver_flash.o                 496
    zf_driver_gpio.o                  800       16       32
    zf_driver_pit.o                   280      148
    zf_driver_pwm.o                   696       80
    zf_driver_spi.o                 1 356        5       12
    zf_driver_timer.o                 208                 8
    zf_driver_uart.o                  788       19       40
    -------------------------------------------------------
    Total:                         34 212    3 301   18 722

dl7M_tlf.a: [2]
    abort.o                             6
    exit.o                              4
    low_level_init.o                    4
    sprintf.o                          64
    strstr.o                           48
    xfail_s.o                          64                 4
    xlocale_c.o                         8       31       56
    xprintflarge_nomb.o             3 094
    xsprout.o                          10
    -------------------------------------------------------
    Total:                          3 302       31       60

m7M_tl.a: [3]
    DblAdd.o                          378
    DblCmpEq.o                         32
    DblCmpGe.o                         46
    DblCmpLe.o                         46
    DblDiv.o                          582
    DblMul.o                          418
    DblSub.o                          226
    DblToFlt.o                        104
    DblToS32.o                         58
    DblToU32.o                         40
    FltAdd.o                          226
    FltCmpGe.o                         36
    FltCmpLe.o                         36
    FltDiv.o                          252
    FltMul.o                          216
    FltSub.o                          128
    FltToDbl.o                         72
    FltToS32.o                         42
    FltToU32.o                         34
    S32ToDbl.o                         34
    S32ToFlt.o                         36
    U32ToDbl.o                         26
    U32ToFlt.o                         28
    atan2_64.o                        266
    cos_sin64.o                     1 056
    fmod.o                            424
    frexp.o                           112
    iar_Atan64.o                      528       64
    sqrt.o                            242
    -------------------------------------------------------
    Total:                          5 724       64

rt7M_tl.a: [4]
    ABImemclr4.o                        6
    ABImemcpy.o                       166
    ABImemset.o                       102
    ABImemset48.o                      50
    I64DivMod.o                       560
    I64DivZer.o                         2
    cexit.o                            10
    cmain.o                            30
    cstartup_M.o                       12
    data_init.o                        40
    lz77_init_single.o                122
    memchr.o                           88
    strchr.o                           22
    strcpy.o                           24
    strlen.o                           54
    zero_init3.o                       58
    -------------------------------------------------------
    Total:                          1 346

shb_l.a: [5]
    exit.o                             20
    -------------------------------------------------------
    Total:                             20

    Gaps                               42        2
    Linker created                              32    8 192
-----------------------------------------------------------
    Grand Total:                   44 646    3 430   26 974


*******************************************************************************
*** ENTRY LIST
***

Entry                       Address    Size  Type      Object
-----                       -------    ----  ----      ------
.iar.init_table$$Base    0x800'b668           --   Gb  - Linker created -
.iar.init_table$$Limit   0x800'b688           --   Gb  - Linker created -
?main                    0x800'b6a9          Code  Gb  cmain.o [4]
Button_Control           0x800'a271    0x7a  Code  Gb  button.o [1]
Button_get               0x800'a139    0xc8  Code  Gb  button.o [1]
CSTACK$$Base            0x2000'4960           --   Gb  - Linker created -
CSTACK$$Limit           0x2000'6960           --   Gb  - Linker created -
CarCtrlOrder            0x2000'4814    0x14  Data  Gb  isr.o [1]
CarCtrlTemp             0x2000'4828    0x14  Data  Gb  isr.o [1]
DMA1_Channel1_IRQHandler
                         0x800'7eb1    0x14  Code  Gb  isr.o [1]
DMA1_Channel2_IRQHandler
                         0x800'7ec5    0x14  Code  Gb  isr.o [1]
DMA1_Channel3_IRQHandler
                         0x800'7ed9    0x14  Code  Gb  isr.o [1]
DMA1_Channel4_IRQHandler
                         0x800'7eed    0x1a  Code  Gb  isr.o [1]
DMA1_Channel5_IRQHandler
                         0x800'7f07    0x14  Code  Gb  isr.o [1]
DMA1_Channel6_IRQHandler
                         0x800'7f1b    0x14  Code  Gb  isr.o [1]
DMA1_Channel7_IRQHandler
                         0x800'7f2f    0x14  Code  Gb  isr.o [1]
DMA2_Channel1_IRQHandler
                         0x800'7f49    0x14  Code  Gb  isr.o [1]
DMA2_Channel2_IRQHandler
                         0x800'7f65    0x14  Code  Gb  isr.o [1]
DMA2_Channel3_IRQHandler
                         0x800'7f81    0x14  Code  Gb  isr.o [1]
DMA2_Channel4_IRQHandler
                         0x800'7f95    0x14  Code  Gb  isr.o [1]
DMA2_Channel5_IRQHandler
                         0x800'7fb5    0x14  Code  Gb  isr.o [1]
Data2Var                 0x800'3e39    0x32  Code  Gb  flash.o [1]
Data_Gyro               0x2000'47f8    0x1c  Data  Gb  parameter.o [1]
EXTI0_IRQHandler         0x800'7dcd     0xc  Code  Gb  isr.o [1]
EXTI15_10_IRQHandler     0x800'7e59    0x58  Code  Gb  isr.o [1]
EXTI1_IRQHandler         0x800'7dd9     0xc  Code  Gb  isr.o [1]
EXTI2_IRQHandler         0x800'7de5     0xc  Code  Gb  isr.o [1]
EXTI3_IRQHandler         0x800'7df1     0xc  Code  Gb  isr.o [1]
EXTI4_IRQHandler         0x800'7dfd     0xc  Code  Gb  isr.o [1]
EXTI9_5_IRQHandler       0x800'7e09    0x50  Code  Gb  isr.o [1]
FLASH_VARS              0x2000'0038   0x120  Data  Lc  flash.o [1]
FLASH_WRITE_FLAG        0x2000'494f     0x1  Data  Gb  main.o [1]
FLOAT_SCALE_TABLE       0x2000'0000    0x38  Data  Lc  show_page.o [1]
FlashReadMicro           0x800'43e1    0x60  Code  Gb  flash.o [1]
FlashReadParam           0x800'3eb5    0x42  Code  Gb  flash.o [1]
FlashReadParams          0x800'482f    0x14  Code  Gb  flash.o [1]
FlashReadPoints          0x800'4441   0x3ee  Code  Gb  flash.o [1]
FlashWhitePoints         0x800'3f39   0x448  Code  Gb  flash.o [1]
FlashWriteMicro          0x800'4381    0x60  Code  Gb  flash.o [1]
FlashWriteParam          0x800'3ef7    0x42  Code  Gb  flash.o [1]
FlashWriteParams         0x800'4843    0x1c  Code  Gb  flash.o [1]
Flash_Control            0x800'a2eb    0x8c  Code  Gb  button.o [1]
Flash_Control::flash_flag
                        0x2000'4944     0x1  Data  Lc  button.o [1]
Float_to_Byte            0x800'a991    0x18  Code  Gb  Vofa.o [1]
GPSBearingAngle          0x800'277d   0x100  Code  Gb  gps.o [1]
GPSDistance              0x800'262b   0x14e  Code  Gb  gps.o [1]
Get_InitData             0x800'2441   0x17a  Code  Gb  gps.o [1]
GpsAngleError            0x800'287d    0x8c  Code  Gb  gps.o [1]
GpsDotSelection          0x800'2909    0xc6  Code  Gb  gps.o [1]
GpsDotSelection::change_time
                        0x2000'48b4     0x4  Data  Lc  gps.o [1]
GpsDotSelection::last_change
                        0x2000'48b8     0x4  Data  Lc  gps.o [1]
INT16_SCALE_TABLE       0x2000'01a8    0x10  Data  Lc  show_page.o [1]
INT32_SCALE_TABLE       0x2000'01b8    0x1c  Data  Lc  show_page.o [1]
LoadInt                  0x800'66a9    0x7a  Code  Lc  xprintflarge_nomb.o [2]
Points_Stored           0x2000'1cd8  0x17c0  Data  Gb  gps.o [1]
Points_Use              0x2000'04b8  0x1820  Data  Gb  gps.o [1]
ReadBuff                0x2000'44a8   0x100  Data  Gb  isr.o [1]
Region$$Table$$Base      0x800'b668           --   Gb  - Linker created -
Region$$Table$$Limit     0x800'b688           --   Gb  - Linker created -
Save_Data               0x2000'45a8    0xf8  Data  Gb  gps.o [1]
StartTime               0x2000'0158     0xc  Data  Gb  gps.o [1]
SystemInit               0x800'b70d    0x10  Code  Gb  system_mm32f3277g.o [1]
TIM1_UP_IRQHandler       0x800'74a5    0x10  Code  Gb  isr.o [1]
TIM2_IRQHandler          0x800'74b5    0x10  Code  Gb  isr.o [1]
TIM3_IRQHandler          0x800'74c5    0x10  Code  Gb  isr.o [1]
TIM4_IRQHandler          0x800'74d5    0x10  Code  Gb  isr.o [1]
TIM5_IRQHandler          0x800'74e5   0x6b0  Code  Gb  isr.o [1]
TIM5_IRQHandler{1}{2}::error_z_sum
                        0x2000'48c4     0x4  Data  Lc  isr.o [1]
TIM5_IRQHandler{1}{2}::i
                        0x2000'48c8     0x4  Data  Lc  isr.o [1]
TIM5_IRQHandler{1}{2}{6}{7}::temp
                        0x2000'4888     0x8  Data  Lc  isr.o [1]
TIM6_IRQHandler          0x800'7b95    0x10  Code  Gb  isr.o [1]
TIM7_IRQHandler          0x800'7ba5    0x10  Code  Gb  isr.o [1]
TIM8_UP_IRQHandler       0x800'7bb5    0x16  Code  Gb  isr.o [1]
Trans_Data_Z_plus_X      0x800'25bb    0x4c  Code  Gb  gps.o [1]
UART1_IRQHandler         0x800'7bcb    0x2a  Code  Gb  isr.o [1]
UART2_IRQHandler         0x800'7bf5    0x8a  Code  Gb  isr.o [1]
UART2_IRQHandler::num   0x2000'48cc     0x4  Data  Lc  isr.o [1]
UART3_IRQHandler         0x800'7c7f    0x72  Code  Gb  isr.o [1]
UART3_IRQHandler::i     0x2000'48d0     0x4  Data  Lc  isr.o [1]
UART4_IRQHandler         0x800'7cf1    0x2a  Code  Gb  isr.o [1]
UART5_IRQHandler         0x800'7d1b    0x2a  Code  Gb  isr.o [1]
UART6_IRQHandler         0x800'7d45    0x30  Code  Gb  isr.o [1]
UART7_IRQHandler         0x800'7d75    0x2a  Code  Gb  isr.o [1]
UART8_IRQHandler         0x800'7d9f    0x2e  Code  Gb  isr.o [1]
Use_Data                0x2000'4700    0x58  Data  Gb  gps.o [1]
Var2Data                 0x800'3e6b    0x4a  Code  Gb  flash.o [1]
VarOP                    0x800'9445    0xd6  Code  Gb  show_page.o [1]
Vofa_2data               0x800'a9a9    0x50  Code  Gb  Vofa.o [1]
Vofa_7data               0x800'a9f9   0x132  Code  Gb  Vofa.o [1]
_GenldLargeNoMb          0x800'6e39   0x24c  Code  Lc  xprintflarge_nomb.o [2]
_LdtobLargeNoMb          0x800'6bdf   0x232  Code  Lc  xprintflarge_nomb.o [2]
_LitobLargeNoMb          0x800'6a8f   0x10a  Code  Lc  xprintflarge_nomb.o [2]
_Locale_lconv           0x2000'0464    0x38  Data  Lc  xlocale_c.o [2]
_PrintfLargeNoMb         0x800'6505   0x19e  Code  Gb  xprintflarge_nomb.o [2]
_PutcharsLargeNoMb       0x800'7085    0x2e  Code  Lc  xprintflarge_nomb.o [2]
_PutfldLargeNoMb         0x800'6723   0x260  Code  Lc  xprintflarge_nomb.o [2]
_PuttxtLargeNoMb         0x800'6983   0x10c  Code  Lc  xprintflarge_nomb.o [2]
_SProut                  0x800'2c4f     0xa  Code  Gb  xsprout.o [2]
__NVIC_DisableIRQ        0x800'63af    0x26  Code  Lc  zf_common_interrupt.o [1]
__NVIC_EnableIRQ         0x800'6391    0x1e  Code  Lc  zf_common_interrupt.o [1]
__NVIC_SetPriority       0x800'63d5    0x2c  Code  Lc  zf_common_interrupt.o [1]
__NVIC_SetPriorityGrouping
                         0x800'6371    0x1e  Code  Lc  zf_common_interrupt.o [1]
__Vectors                0x800'0000           --   Gb  startup_mm32f3277g.o [1]
__Vectors_End            0x800'0190          Data  Gb  startup_mm32f3277g.o [1]
__Vectors_Size {Abs}          0x190           --   Gb  startup_mm32f3277g.o [1]
__aeabi_cdcmpeq          0x800'32b5          Code  Gb  DblCmpEq.o [3]
__aeabi_cdcmple          0x800'31d1          Code  Gb  DblCmpLe.o [3]
__aeabi_cdrcmple         0x800'3201          Code  Gb  DblCmpGe.o [3]
__aeabi_cfcmple          0x800'840d          Code  Gb  FltCmpLe.o [3]
__aeabi_cfrcmple         0x800'b3ad          Code  Gb  FltCmpGe.o [3]
__aeabi_d2f              0x800'3231          Code  Gb  DblToFlt.o [3]
__aeabi_d2iz             0x800'308d          Code  Gb  DblToS32.o [3]
__aeabi_d2uiz            0x800'7455          Code  Gb  DblToU32.o [3]
__aeabi_dadd             0x800'2ad5          Code  Gb  DblAdd.o [3]
__aeabi_ddiv             0x800'2c59          Code  Gb  DblDiv.o [3]
__aeabi_dmul             0x800'2ee9          Code  Gb  DblMul.o [3]
__aeabi_dsub             0x800'30ed          Code  Gb  DblSub.o [3]
__aeabi_f2d              0x800'2ea1          Code  Gb  FltToDbl.o [3]
__aeabi_f2iz             0x800'5a31          Code  Gb  FltToS32.o [3]
__aeabi_f2uiz            0x800'90d5          Code  Gb  FltToU32.o [3]
__aeabi_fadd             0x800'5c71          Code  Gb  FltAdd.o [3]
__aeabi_fdiv             0x800'8311          Code  Gb  FltDiv.o [3]
__aeabi_fmul             0x800'5959          Code  Gb  FltMul.o [3]
__aeabi_fsub             0x800'6485          Code  Gb  FltSub.o [3]
__aeabi_i2d              0x800'30c9          Code  Gb  S32ToDbl.o [3]
__aeabi_i2f              0x800'5c4d          Code  Gb  S32ToFlt.o [3]
__aeabi_ldiv0            0x800'748d          Code  Gb  I64DivZer.o [4]
__aeabi_memclr4          0x800'1e05          Code  Gb  ABImemclr4.o [4]
__aeabi_memcpy           0x800'1e85          Code  Gb  ABImemcpy.o [4]
__aeabi_memcpy4          0x800'1ea5          Code  Gb  ABImemcpy.o [4]
__aeabi_memcpy8          0x800'1ea5          Code  Gb  ABImemcpy.o [4]
__aeabi_memset           0x800'6309          Code  Gb  ABImemset.o [4]
__aeabi_ui2d             0x800'3299          Code  Gb  U32ToDbl.o [3]
__aeabi_ui2f             0x800'90f9          Code  Gb  U32ToFlt.o [3]
__aeabi_uldivmod         0x800'71b5          Code  Gb  I64DivMod.o [4]
__cmain                  0x800'b6a9          Code  Gb  cmain.o [4]
__exit                   0x800'7491    0x14  Code  Gb  exit.o [5]
__iar_Atan64             0x800'5d6d   0x210  Code  Gb  iar_Atan64.o [3]
__iar_Fail_s             0x800'711d    0x1c  Code  Gb  xfail_s.o [2]
__iar_Memchr             0x800'715d          Code  Gb  memchr.o [4]
__iar_Memset             0x800'6309          Code  Gb  ABImemset.o [4]
__iar_Memset4_word       0x800'4881          Code  Gb  ABImemset48.o [4]
__iar_Memset8_word       0x800'4881          Code  Gb  ABImemset48.o [4]
__iar_Memset_word        0x800'6311          Code  Gb  ABImemset.o [4]
__iar_Sin64              0x800'48e5   0x38c  Code  Lc  cos_sin64.o [3]
__iar_Strchr             0x800'5d55          Code  Gb  strchr.o [4]
__iar_atan2_64           0x800'4df9    0xfe  Code  Gb  atan2_64.o [3]
__iar_cos64              0x800'4cfd     0x4  Code  Gb  cos_sin64.o [3]
__iar_cos_medium         0x800'4cfd     0x4  Code  Gb  cos_sin64.o [3]
__iar_cos_medium64       0x800'4cfd     0x4  Code  Gb  cos_sin64.o [3]
__iar_cos_mediuml        0x800'4cfd     0x4  Code  Gb  cos_sin64.o [3]
__iar_dadd               0x800'30fd          Code  Gb  DblSub.o [3]
__iar_data_init3         0x800'b641    0x28  Code  Gb  data_init.o [4]
__iar_dsub               0x800'2ae5          Code  Gb  DblAdd.o [3]
__iar_dsubStart          0x800'2af7          Code  Gb  DblAdd.o [3]
__iar_fadd               0x800'6491          Code  Gb  FltSub.o [3]
__iar_fmod64             0x800'4f05          Code  Gb  fmod.o [3]
__iar_frexp              0x800'73f1          Code  Gb  frexp.o [3]
__iar_frexp64            0x800'73e5          Code  Gb  frexp.o [3]
__iar_frexpl             0x800'73f1          Code  Gb  frexp.o [3]
__iar_fsub               0x800'5c7d          Code  Gb  FltAdd.o [3]
__iar_fsubStart          0x800'5c8d          Code  Gb  FltAdd.o [3]
__iar_lz77_init_single3
                         0x800'1e0b    0x7a  Code  Gb  lz77_init_single.o [4]
__iar_program_start      0x800'b8f1          Code  Gb  cstartup_M.o [4]
__iar_sin64              0x800'4d01     0x4  Code  Gb  cos_sin64.o [3]
__iar_sin_medium         0x800'4d01     0x4  Code  Gb  cos_sin64.o [3]
__iar_sin_medium64       0x800'4d01     0x4  Code  Gb  cos_sin64.o [3]
__iar_sin_mediuml        0x800'4d01     0x4  Code  Gb  cos_sin64.o [3]
__iar_sqrt64             0x800'4d05          Code  Gb  sqrt.o [3]
__iar_zero_init3         0x800'1f2b    0x3a  Code  Gb  zero_init3.o [4]
__low_level_init         0x800'b6c7     0x4  Code  Gb  low_level_init.o [2]
__vector_table           0x800'0000          Data  Gb  startup_mm32f3277g.o [1]
__vector_table_0x1c      0x800'001c          Data  Gb  startup_mm32f3277g.o [1]
_call_main               0x800'b6b5          Code  Gb  cmain.o [4]
_exit                    0x800'b6d1          Code  Gb  cexit.o [4]
_main                    0x800'b6c3          Code  Gb  cmain.o [4]
a                        0x800'b600    0x40  Data  Lc  iar_Atan64.o [3]
abort                    0x800'7485     0x6  Code  Gb  abort.o [2]
adc_convert              0x800'91e5    0x82  Code  Gb  zf_driver_adc.o [1]
adc_index               0x2000'03f4     0xc  Data  Lc  zf_driver_adc.o [1]
adc_resolution          0x2000'4918     0x4  Data  Lc  zf_driver_adc.o [1]
afio_init                0x800'3cef   0x140  Code  Gb  zf_driver_gpio.o [1]
analysis_error          0x2000'4947     0x1  Data  Gb  gps.o [1]
analysis_finished       0x2000'494a     0x1  Data  Gb  isr.o [1]
area_tag                0x2000'4922     0x2  Data  Gb  gps.o [1]
atan2                    0x800'4df9    0xfe  Code  Gb  atan2_64.o [3]
atan2l                   0x800'4df9    0xfe  Code  Gb  atan2_64.o [3]
bluetooth_ch9141_data   0x2000'4954     0x1  Data  Lc  zf_device_bluetooth_ch9141.o [1]
bluetooth_ch9141_fifo   0x2000'4850    0x14  Data  Lc  zf_device_bluetooth_ch9141.o [1]
bluetooth_ch9141_uart_callback
                         0x800'9375    0x18  Code  Gb  zf_device_bluetooth_ch9141.o [1]
buf                     0x2000'494b     0x1  Data  Gb  isr.o [1]
buf2                    0x2000'494c     0x1  Data  Gb  isr.o [1]
button_init              0x800'a201    0x70  Code  Gb  button.o [1]
button_mod              0x2000'04a4     0x2  Data  Gb  parameter.o [1]
camera_dma_handler       0x800'8d31    0x46  Code  Gb  zf_device_type.o [1]
camera_type             0x2000'495a     0x1  Data  Gb  zf_device_type.o [1]
camera_uart_handler      0x800'8c01    0x8a  Code  Gb  zf_device_type.o [1]
camera_vsync_handler     0x800'8c8b    0xa6  Code  Gb  zf_device_type.o [1]
car_mode                0x2000'4938     0x2  Data  Gb  parameter.o [1]
change_motor             0x800'85f1    0x4a  Code  Gb  motor.o [1]
change_point            0x2000'4945     0x1  Data  Gb  gps.o [1]
clock_init               0x800'af13    0x18  Code  Gb  zf_common_clock.o [1]
clock_reset              0x800'ad4d    0x5c  Code  Lc  zf_common_clock.o [1]
clock_set_freq           0x800'ada9   0x16a  Code  Lc  zf_common_clock.o [1]
collection_by_hand       0x800'1bed   0x19a  Code  Gb  route_generating.o [1]
collection_by_hand::collect_flag
                        0x2000'4950     0x1  Data  Lc  route_generating.o [1]
cos                      0x800'4cfd     0x4  Code  Gb  cos_sin64.o [3]
cosl                     0x800'4cfd     0x4  Code  Gb  cos_sin64.o [3]
curpage                 0x2000'01a4     0x4  Data  Gb  show_page.o [1]
current                 0x2000'48f8     0x4  Data  Gb  show_page.o [1]
debug_assert_handler     0x800'5827    0x3e  Code  Gb  zf_common_debug.o [1]
debug_assert_handler::assert_nest_index
                        0x2000'4953     0x1  Data  Lc  zf_common_debug.o [1]
debug_delay              0x800'55f9    0x38  Code  Lc  zf_common_debug.o [1]
debug_flag              0x2000'4936     0x2  Data  Gb  parameter.o [1]
debug_init               0x800'58af    0x2a  Code  Gb  zf_common_debug.o [1]
debug_output             0x800'563f   0x1e8  Code  Lc  zf_common_debug.o [1]
debug_output_info       0x2000'483c    0x14  Data  Lc  zf_common_debug.o [1]
debug_output_init        0x800'5885    0x2a  Code  Gb  zf_common_debug.o [1]
debug_output_struct_init
                         0x800'5865    0x20  Code  Gb  zf_common_debug.o [1]
debug_uart_str_output    0x800'5631     0xe  Code  Lc  zf_common_debug.o [1]
delay                    0x800'a117    0x22  Code  Gb  button.o [1]
delta_heading_angle      0x800'29cf    0x6c  Code  Gb  gps.o [1]
direct_thres            0x2000'0170     0x4  Data  Gb  gps.o [1]
distance_each_point_direct
                        0x2000'0168     0x4  Data  Gb  gps.o [1]
distance_each_point_round
                        0x2000'016c     0x4  Data  Gb  gps.o [1]
distance_from_lastpoint
                        0x2000'0164     0x4  Data  Gb  gps.o [1]
dma_disable              0x800'92df    0x44  Code  Gb  zf_driver_dma.o [1]
dma_enable               0x800'929b    0x44  Code  Gb  zf_driver_dma.o [1]
dma_index               0x2000'0400     0x8  Data  Lc  zf_driver_dma.o [1]
dma_set_count            0x800'9271    0x2a  Code  Gb  zf_driver_dma.o [1]
dot_read                0x2000'4949     0x1  Data  Gb  isr.o [1]
duoji                   0x2000'01a0     0x4  Data  Gb  parameter.o [1]
duty_mid                0x2000'48dc     0x4  Data  Gb  parameter.o [1]
encoder_Q               0x2000'47d8    0x20  Data  Gb  parameter.o [1]
encoder_clear_count      0x800'8f65    0x68  Code  Gb  zf_driver_encoder.o [1]
encoder_dir_pin         0x2000'0408     0x8  Data  Lc  zf_driver_encoder.o [1]
encoder_get_count        0x800'8db9   0x1ac  Code  Gb  zf_driver_encoder.o [1]
encoder_init             0x800'8431    0x12  Code  Gb  encoder.o [1]
encoder_init_dir         0x800'8fcd    0xba  Code  Gb  zf_driver_encoder.o [1]
end_vofa                 0x800'ab2b    0x24  Code  Gb  Vofa.o [1]
error_direction         0x2000'489c     0x4  Data  Gb  gps.o [1]
error_icm_last          0x2000'48ac     0x4  Data  Gb  gps.o [1]
error_lenth_s_p         0x2000'4898     0x4  Data  Gb  gps.o [1]
exit                     0x800'b6cb     0x4  Code  Gb  exit.o [2]
f_to_uint_lati          0x2000'48fc     0x4  Data  Gb  show_page.o [1]
f_to_uint_longi         0x2000'4900     0x4  Data  Gb  show_page.o [1]
fifo_head_offset         0x800'9395    0x1a  Code  Gb  zf_common_fifo.o [1]
fifo_write_buffer        0x800'93af    0x96  Code  Gb  zf_common_fifo.o [1]
finished_gpspoints      0x2000'492e     0x2  Data  Gb  gps.o [1]
first_PI_input          0x2000'04b2     0x1  Data  Gb  encoder.o [1]
flash_check              0x800'5a5d    0x48  Code  Gb  zf_driver_flash.o [1]
flash_erase_page         0x800'5aa5    0x8c  Code  Gb  zf_driver_flash.o [1]
flash_read_page          0x800'5b31    0x46  Code  Gb  zf_driver_flash.o [1]
flash_write_page         0x800'5b77    0xbc  Code  Gb  zf_driver_flash.o [1]
fmod                     0x800'4f05          Code  Gb  fmod.o [3]
fmodl                    0x800'4f05          Code  Gb  fmod.o [3]
frexp                    0x800'73e5          Code  Gb  frexp.o [3]
frexpl                   0x800'73e5          Code  Gb  frexp.o [3]
g_car_speed             0x2000'48f4     0x4  Data  Gb  parameter.o [1]
g_send                  0x2000'04ac     0x2  Data  Gb  parameter.o [1]
g_speed_set             0x2000'018c     0x4  Data  Gb  parameter.o [1]
generate_direct_road     0x800'0c73   0x26a  Code  Gb  route_generating.o [1]
generate_round_road      0x800'039f   0x8d4  Code  Gb  route_generating.o [1]
generating_route         0x800'0207   0x198  Code  Gb  route_generating.o [1]
generating_route_init    0x800'0191    0x76  Code  Gb  route_generating.o [1]
get_cur_speed            0x800'8443   0x134  Code  Gb  encoder.o [1]
get_greatest_common_divisor
                         0x800'af75    0x14  Code  Gb  zf_common_function.o [1]
gpio_get_level           0x800'3b19    0x24  Code  Gb  zf_driver_gpio.o [1]
gpio_group              0x2000'0410    0x20  Data  Gb  zf_driver_gpio.o [1]
gpio_init                0x800'3b3d   0x1b2  Code  Gb  zf_driver_gpio.o [1]
gps_auto_plannation      0x800'10f1   0x480  Code  Gb  route_generating.o [1]
gps_error_pd_pwm        0x2000'48ec     0x4  Data  Gb  parameter.o [1]
gps_init                 0x800'af89   0x194  Code  Gb  zf_device_gps_tau1201.o [1]
gps_kd_in               0x2000'48e8     0x4  Data  Gb  parameter.o [1]
gps_kd_w                0x2000'48e4     0x4  Data  Gb  parameter.o [1]
gps_kd_z                0x2000'48e0     0x4  Data  Gb  parameter.o [1]
gps_kp_in               0x2000'0188     0x4  Data  Gb  parameter.o [1]
gps_kp_w                0x2000'0184     0x4  Data  Gb  parameter.o [1]
gps_kp_z                0x2000'0180     0x4  Data  Gb  parameter.o [1]
gps_mode                0x2000'492a     0x2  Data  Gb  gps.o [1]
gps_servo_control        0x800'8667   0x1a2  Code  Gb  motor.o [1]
gps_servo_control::last_duoji
                        0x2000'48d8     0x4  Data  Lc  motor.o [1]
guess_start             0x2000'4920     0x2  Data  Gb  gps.o [1]
guiding_mode            0x2000'049c     0x2  Data  Gb  gps.o [1]
horizontal_error        0x2000'48a8     0x4  Data  Gb  gps.o [1]
icm20602_get_gyro        0x800'81d3    0x3e  Code  Gb  zf_device_icm20602.o [1]
icm20602_init            0x800'8211    0xe0  Code  Gb  zf_device_icm20602.o [1]
icm20602_read_register   0x800'8135    0x30  Code  Lc  zf_device_icm20602.o [1]
icm20602_read_registers
                         0x800'8165    0x34  Code  Lc  zf_device_icm20602.o [1]
icm20602_self_check      0x800'8199    0x3a  Code  Lc  zf_device_icm20602.o [1]
icm20602_write_register
                         0x800'8105    0x30  Code  Lc  zf_device_icm20602.o [1]
icm_gyro_x              0x2000'493e     0x2  Data  Gb  zf_device_icm20602.o [1]
icm_gyro_y              0x2000'4940     0x2  Data  Gb  zf_device_icm20602.o [1]
icm_gyro_z              0x2000'4942     0x2  Data  Gb  zf_device_icm20602.o [1]
interrupt_disable        0x800'6457     0xe  Code  Gb  zf_common_interrupt.o [1]
interrupt_enable         0x800'6449     0xe  Code  Gb  zf_common_interrupt.o [1]
interrupt_global_disable
                         0x800'6419    0x12  Code  Gb  zf_common_interrupt.o [1]
interrupt_global_enable
                         0x800'6401    0x18  Code  Gb  zf_common_interrupt.o [1]
interrupt_init           0x800'6479     0xa  Code  Gb  zf_common_interrupt.o [1]
interrupt_nest_count    0x2000'4910     0x4  Data  Lc  zf_common_interrupt.o [1]
interrupt_set_priority   0x800'6465    0x14  Code  Gb  zf_common_interrupt.o [1]
key_num                 0x2000'4934     0x2  Data  Gb  main.o [1]
kps_plygrnd             0x2000'46a0    0x60  Data  Gb  route_generating.o [1]
last_micro_area         0x2000'4926     0x2  Data  Gb  gps.o [1]
localeconv               0x800'747d     0x4  Code  Gb  xlocale_c.o [2]
main                     0x800'b155   0x140  Code  Gb  main.o [1]
memchr                   0x800'715d          Code  Gb  memchr.o [4]
micro_area              0x2000'4924     0x2  Data  Gb  gps.o [1]
micro_delete             0x800'1d87    0x30  Code  Gb  route_generating.o [1]
micro_op_lati           0x2000'4758    0x40  Data  Gb  gps.o [1]
micro_op_longi          0x2000'4798    0x40  Data  Gb  gps.o [1]
micro_operating          0x800'1585   0x2c6  Code  Gb  route_generating.o [1]
micro_operating_recover
                         0x800'1861   0x2d2  Code  Gb  route_generating.o [1]
modify_flag             0x2000'494d     0x1  Data  Gb  main.o [1]
motor_init               0x800'859d    0x34  Code  Gb  motor.o [1]
move                     0x800'9f59   0x1be  Code  Gb  button.o [1]
mt9v03x_finish_flag     0x2000'4955     0x1  Data  Gb  zf_device_mt9v03x.o [1]
my_lcd_showfloat         0x800'9743   0x176  Code  Gb  show_page.o [1]
my_lcd_showint16         0x800'951b   0x10c  Code  Gb  show_page.o [1]
my_lcd_showint32         0x800'9627   0x11c  Code  Gb  show_page.o [1]
newgpsgot               0x2000'4948     0x1  Data  Gb  isr.o [1]
now_area                0x2000'4946     0x1  Data  Gb  gps.o [1]
op                      0x2000'494e     0x1  Data  Gb  main.o [1]
ov7725_finish_flag      0x2000'4956     0x1  Data  Gb  zf_device_ov7725.o [1]
page_show_params         0x800'9971    0x62  Code  Gb  show_page.o [1]
page_spin                0x800'99d3   0x498  Code  Gb  show_page.o [1]
page_spin::change       0x2000'4904     0x4  Data  Lc  show_page.o [1]
page_spin::new_page     0x2000'4908     0x4  Data  Lc  show_page.o [1]
page_spin{4}{5}{6}{7}{10}::vars
                        0x2000'021c    0x48  Data  Lc  show_page.o [1]
page_spin{4}{5}{6}{7}{11}::vars
                        0x2000'0264    0x3c  Data  Lc  show_page.o [1]
page_spin{4}{5}{6}{7}{12}::vars
                        0x2000'02a0    0x48  Data  Lc  show_page.o [1]
page_spin{4}{5}{6}{7}{13}::vars
                        0x2000'02e8    0x48  Data  Lc  show_page.o [1]
page_spin{4}{5}{6}{7}{14}::vars
                        0x2000'0330    0x30  Data  Lc  show_page.o [1]
page_spin{4}{5}{6}{7}{15}::vars
                        0x2000'0360    0x48  Data  Lc  show_page.o [1]
page_spin{4}{5}{6}{7}{16}::vars
                        0x2000'03a8    0x48  Data  Lc  show_page.o [1]
page_spin{4}{5}{6}{7}{9}::vars
                        0x2000'01d4    0x48  Data  Lc  show_page.o [1]
page_text_param          0x800'98b9    0xb8  Code  Gb  show_page.o [1]
parseGpsBuffer           0x800'1f65   0x1b2  Code  Gb  gps.o [1]
passed_sections         0x2000'4928     0x2  Data  Gb  gps.o [1]
past_page               0x2000'4951     0x1  Data  Gb  show_page.o [1]
pit_init                 0x800'b295    0xea  Code  Gb  zf_driver_pit.o [1]
point_latitude_selected
                        0x2000'48a0     0x4  Data  Gb  gps.o [1]
point_longitude_selected
                        0x2000'48a4     0x4  Data  Gb  gps.o [1]
point_selected_gps      0x2000'492c     0x2  Data  Gb  gps.o [1]
point_type_pageread     0x2000'4930     0x2  Data  Gb  gps.o [1]
pulse_read              0x2000'48f0     0x4  Data  Gb  parameter.o [1]
pwm_init                 0x800'8945   0x1c2  Code  Gb  zf_driver_pwm.o [1]
pwm_max_angle           0x2000'04a6     0x2  Data  Gb  parameter.o [1]
pwm_mid_angle           0x2000'04aa     0x2  Data  Gb  parameter.o [1]
pwm_min_angle           0x2000'04a8     0x2  Data  Gb  parameter.o [1]
pwm_set_duty             0x800'8875    0xd0  Code  Gb  zf_driver_pwm.o [1]
radians                  0x800'2607    0x14  Code  Gb  gps.o [1]
receive                 0x2000'4914     0x4  Data  Gb  zf_device_type.o [1]
receive_num             0x2000'495c     0x1  Data  Gb  zf_device_type.o [1]
round_in_out             0x800'1b33    0xa8  Code  Gb  route_generating.o [1]
route_read              0x2000'48b0     0x4  Data  Gb  gps.o [1]
route_write             0x2000'0174     0x4  Data  Gb  gps.o [1]
rps_plygrnd             0x2000'3498   0xe10  Data  Gb  route_generating.o [1]
run_sections            0x2000'049e     0x2  Data  Gb  gps.o [1]
scale                    0x800'6b99    0x46  Code  Lc  xprintflarge_nomb.o [2]
scc8660_finish_flag     0x2000'4957     0x1  Data  Gb  zf_device_scc8660.o [1]
sec_hand                0x2000'491c     0x4  Data  Lc  xfail_s.o [2]
seekfree_wireless_init   0x800'9341    0x2a  Code  Gb  zf_device_wireless_uart.o [1]
send_order              0x2000'48c0     0x4  Data  Gb  isr.o [1]
send_spin_vofa           0x800'ab4f   0x1e0  Code  Gb  Vofa.o [1]
send_spin_vofa{1}{3}{4}{5}::i
                        0x2000'490c     0x4  Data  Lc  Vofa.o [1]
servo_motor_init         0x800'85d1    0x20  Code  Gb  motor.o [1]
setspeed_to_pwm          0x800'863b    0x2c  Code  Gb  motor.o [1]
sin                      0x800'4d01     0x4  Code  Gb  cos_sin64.o [3]
sinl                     0x800'4d01     0x4  Code  Gb  cos_sin64.o [3]
speed_max_region        0x2000'0190    0x10  Data  Gb  parameter.o [1]
spi_index               0x2000'0430     0xc  Data  Lc  zf_driver_spi.o [1]
spi_init                 0x800'5385   0x25e  Code  Gb  zf_driver_spi.o [1]
spi_read_8bit_register   0x800'5215    0xb0  Code  Gb  zf_driver_spi.o [1]
spi_read_8bit_registers
                         0x800'52c5    0xba  Code  Gb  zf_driver_spi.o [1]
spi_write_16bit          0x800'5111    0x84  Code  Gb  zf_driver_spi.o [1]
spi_write_8bit           0x800'50ad    0x64  Code  Gb  zf_driver_spi.o [1]
spi_write_8bit_register
                         0x800'5195    0x80  Code  Gb  zf_driver_spi.o [1]
sprintf                  0x800'62c9    0x40  Code  Gb  sprintf.o [2]
sq                       0x800'261b    0x10  Code  Gb  gps.o [1]
sqrt                     0x800'4d05          Code  Gb  sqrt.o [3]
sqrtl                    0x800'4d05          Code  Gb  sqrt.o [3]
start_car               0x2000'48bc     0x4  Data  Lc  isr.o [1]
start_delay_time        0x2000'4932     0x2  Data  Gb  isr.o [1]
strchr                   0x800'5d55          Code  Gb  strchr.o [4]
strcpy                   0x800'8b2d          Code  Gb  strcpy.o [4]
strlen                   0x800'6291          Code  Gb  strlen.o [4]
strstr                   0x800'48b3    0x30  Code  Gb  strstr.o [2]
sum                     0x2000'4878    0x10  Data  Gb  main.o [1]
system_clock            0x2000'03f0     0x4  Data  Gb  zf_common_clock.o [1]
system_delay             0x800'5905    0x54  Code  Gb  zf_driver_delay.o [1]
tft180_bgcolor          0x2000'04b0     0x2  Data  Lc  zf_device_tft180.o [1]
tft180_clear             0x800'34d1    0x3a  Code  Gb  zf_device_tft180.o [1]
tft180_debug_init        0x800'3489    0x46  Code  Lc  zf_device_tft180.o [1]
tft180_display_dir      0x2000'04b4     0x1  Data  Lc  zf_device_tft180.o [1]
tft180_draw_point        0x800'3585    0x6c  Code  Gb  zf_device_tft180.o [1]
tft180_full              0x800'350b    0x3a  Code  Gb  zf_device_tft180.o [1]
tft180_init              0x800'3769   0x390  Code  Gb  zf_device_tft180.o [1]
tft180_pencolor         0x2000'04ae     0x2  Data  Lc  zf_device_tft180.o [1]
tft180_set_color         0x800'3577     0xe  Code  Gb  zf_device_tft180.o [1]
tft180_set_dir           0x800'3545    0x32  Code  Gb  zf_device_tft180.o [1]
tft180_set_region        0x800'3331   0x158  Code  Lc  zf_device_tft180.o [1]
tft180_show_char         0x800'35f1    0xd6  Code  Gb  zf_device_tft180.o [1]
tft180_show_string       0x800'36c9    0x7e  Code  Gb  zf_device_tft180.o [1]
tft180_write_index       0x800'32d5    0x5c  Code  Lc  zf_device_tft180.o [1]
tft180_x_max            0x2000'04b5     0x1  Data  Lc  zf_device_tft180.o [1]
tft180_y_max            0x2000'04b6     0x1  Data  Lc  zf_device_tft180.o [1]
tft_ascii                0x800'a3a0   0x5f0  Data  Gb  zf_common_font.o [1]
timer_clock_enable       0x800'9145    0x92  Code  Gb  zf_driver_timer.o [1]
timer_funciton_check     0x800'9115    0x30  Code  Gb  zf_driver_timer.o [1]
timer_function_state    0x2000'4890     0x8  Data  Lc  zf_driver_timer.o [1]
total_time              0x2000'48d4     0x4  Data  Gb  main.o [1]
tp_micr_lati            0x2000'493a     0x2  Data  Gb  show_page.o [1]
tp_micr_longi           0x2000'493c     0x2  Data  Gb  show_page.o [1]
tsl1401_collect_pit_handler
                         0x800'8b45    0xaa  Code  Gb  zf_device_tsl1401.o [1]
tsl1401_data            0x2000'42a8   0x200  Data  Gb  zf_device_tsl1401.o [1]
tsl1401_finish_flag     0x2000'4959     0x1  Data  Gb  zf_device_tsl1401.o [1]
tsl1401_init_state      0x2000'4958     0x1  Data  Lc  zf_device_tsl1401.o [1]
uart_index              0x2000'043c    0x20  Data  Lc  zf_driver_uart.o [1]
uart_init                0x800'6093   0x1dc  Code  Gb  zf_driver_uart.o [1]
uart_irq                0x2000'045c     0x8  Data  Lc  zf_driver_uart.o [1]
uart_query_byte          0x800'600d    0x26  Code  Gb  zf_driver_uart.o [1]
uart_read_byte           0x800'5ff1    0x1c  Code  Gb  zf_driver_uart.o [1]
uart_receive_flag       0x2000'495d     0x1  Data  Gb  zf_device_type.o [1]
uart_rx_interrupt        0x800'6033    0x60  Code  Gb  zf_driver_uart.o [1]
uart_write_buffer        0x800'5fa3    0x2c  Code  Gb  zf_driver_uart.o [1]
uart_write_byte          0x800'5f7d    0x26  Code  Gb  zf_driver_uart.o [1]
uart_write_string        0x800'5fcf    0x22  Code  Gb  zf_driver_uart.o [1]
whether_delay           0x2000'0178     0x4  Data  Gb  gps.o [1]
wireless_module_uart_handler
                         0x800'8d77    0x20  Code  Gb  zf_device_type.o [1]
wireless_type           0x2000'495b     0x1  Data  Gb  zf_device_type.o [1]
wireless_uart_callback   0x800'9329    0x18  Code  Gb  zf_device_wireless_uart.o [1]
wireless_uart_data      0x2000'495e     0x1  Data  Lc  zf_device_wireless_uart.o [1]
wireless_uart_fifo      0x2000'4864    0x14  Data  Lc  zf_device_wireless_uart.o [1]
write_flash_points      0x2000'017c     0x4  Data  Gb  main.o [1]
write_in                 0x800'0f21   0x1ac  Code  Gb  route_generating.o [1]
x_cursor                0x2000'04a0     0x2  Data  Gb  main.o [1]
y_cursor                0x2000'04a2     0x2  Data  Gb  main.o [1]
zf_debug_assert_enable  0x2000'04b3     0x1  Data  Lc  zf_common_debug.o [1]
zf_debug_init_flag      0x2000'4952     0x1  Data  Lc  zf_common_debug.o [1]
zhufei_nmmsl             0x800'211d   0x324  Code  Gb  gps.o [1]


[1] = D:\极速越野\【比赛】\7.24  v1.2 路径调节，删了参数\jisuyueye\iar\program\Debug\Obj
[2] = dl7M_tlf.a
[3] = m7M_tl.a
[4] = rt7M_tl.a
[5] = shb_l.a

  44 646 bytes of readonly  code memory
   3 430 bytes of readonly  data memory
  26 974 bytes of readwrite data memory

Errors: none
Warnings: none
